// Jest Snapshot v1, https://goo.gl/fbAQLP

exports[`Pruebas con el componente <HookApp /> Debe mostrarse correctamente 1`] = `
<div>
  <h1>
    Hola Mundo
  </h1>
</div>
`;
