// Jest Snapshot v1, https://goo.gl/fbAQLP

exports[`Pruebas con <HomeScreen /> Debe de mostrar el componente correctamente 1`] = `
<div>
  <h1>
     HomeScreen 
  </h1>
  <hr />
  <pre>
    {
   "name": "Jesus",
   "email": "jesus@gmail.com"
}
  </pre>
</div>
`;
