// Jest Snapshot v1, https://goo.gl/fbAQLP

exports[`Pruebas con </RealExampleRef > Debe mostrarse correctamente 1`] = `
<dvi>
  <h1>
    Real Example Ref
  </h1>
  <hr />
  <button
    className="btn btn-primary mt-5"
    onClick={[Function]}
  >
     Show/Hide  
  </button>
</dvi>
`;
